============================================================
  Generated by:           Genus(TM) Synthesis Solution 21.19-s055_1
  Generated on:           Nov 28 2025  02:02:17 pm
  Module:                 sobel_edge_detector
  Technology libraries:   tcbn65gplustc_ccs 200
                          physical_cells 
  Operating conditions:   NCCOM 
  Interconnect mode:      global
  Area mode:              physical library
============================================================

                                
   Gate    Instances    Area           Library       
-----------------------------------------------------
AN2XD1             3      6.480    tcbn65gplustc_ccs 
AO21D1             4     10.080    tcbn65gplustc_ccs 
AO221D0            1      3.600    tcbn65gplustc_ccs 
AO22D0             2      5.760    tcbn65gplustc_ccs 
AOI211XD0          1      2.520    tcbn65gplustc_ccs 
AOI221D0           3      8.640    tcbn65gplustc_ccs 
AOI22D1            2      5.040    tcbn65gplustc_ccs 
AOI31D1            1      2.520    tcbn65gplustc_ccs 
CKND16             9     71.280    tcbn65gplustc_ccs 
CKND2D1            5      7.200    tcbn65gplustc_ccs 
CMPE42D1          26    430.560    tcbn65gplustc_ccs 
DFD1               1      7.200    tcbn65gplustc_ccs 
DFKCND1            7     57.960    tcbn65gplustc_ccs 
DFKCNQD1           8     57.600    tcbn65gplustc_ccs 
DFKCSND1           2     18.720    tcbn65gplustc_ccs 
DFQD1              7     47.880    tcbn65gplustc_ccs 
EDFKCND1          38    396.720    tcbn65gplustc_ccs 
EDFKCNQD1       4107  41398.560    tcbn65gplustc_ccs 
EDFQD1             1      9.360    tcbn65gplustc_ccs 
FA1D0             25    225.000    tcbn65gplustc_ccs 
HA1D0              9     51.840    tcbn65gplustc_ccs 
HICOND1            2     12.960    tcbn65gplustc_ccs 
IND2D1            13     28.080    tcbn65gplustc_ccs 
IND4D1             1      2.880    tcbn65gplustc_ccs 
INR2D1             4      8.640    tcbn65gplustc_ccs 
INR2XD0            2      4.320    tcbn65gplustc_ccs 
INVD1              7      7.560    tcbn65gplustc_ccs 
INVD12             4     24.480    tcbn65gplustc_ccs 
INVD16             1      7.920    tcbn65gplustc_ccs 
INVD3             58    125.280    tcbn65gplustc_ccs 
IOA21D1            2      5.040    tcbn65gplustc_ccs 
MAOI222D1          2      5.760    tcbn65gplustc_ccs 
MOAI22D1           4     11.520    tcbn65gplustc_ccs 
MUX2ND0            2      5.760    tcbn65gplustc_ccs 
ND2D1             16     23.040    tcbn65gplustc_ccs 
ND2D4              1      4.320    tcbn65gplustc_ccs 
NR2D1              8     11.520    tcbn65gplustc_ccs 
NR2D2              1      2.520    tcbn65gplustc_ccs 
NR2XD0            14     20.160    tcbn65gplustc_ccs 
NR3D0              2      4.320    tcbn65gplustc_ccs 
OA31D1             2      5.760    tcbn65gplustc_ccs 
OAI21D1            4      8.640    tcbn65gplustc_ccs 
OAI221D0           2      5.760    tcbn65gplustc_ccs 
OAI22D1            4     10.080    tcbn65gplustc_ccs 
OAI32D1            1      2.880    tcbn65gplustc_ccs 
OR2D1              7     15.120    tcbn65gplustc_ccs 
SDFKCND1           8     86.400    tcbn65gplustc_ccs 
SDFKCNQD0          2     20.160    tcbn65gplustc_ccs 
XNR2D1            13     46.800    tcbn65gplustc_ccs 
XOR2D1             5     18.000    tcbn65gplustc_ccs 
XOR4D1             2     18.000    tcbn65gplustc_ccs 
-----------------------------------------------------
total           4456  43378.200                      


                                          
     Type      Instances    Area   Area % 
------------------------------------------
sequential          4181 42100.560   97.1 
inverter              79   236.520    0.5 
logic                196  1041.120    2.4 
physical_cells         0     0.000    0.0 
------------------------------------------
total               4456 43378.200  100.0 

