============================================================
  Generated by:           Genus(TM) Synthesis Solution 21.19-s055_1
  Generated on:           Nov 28 2025  02:02:18 pm
  Module:                 sobel_edge_detector
  Technology libraries:   tcbn65gplustc_ccs 200
                          physical_cells 
  Operating conditions:   NCCOM 
  Interconnect mode:      global
  Area mode:              physical library
============================================================

	Timing
	------

 Slack              Endpoint            Cost Group 
--------------------------------------------------------
+1828ps i_sobel_core_pixel_out_reg[0]/D clk        


	Area
	----

      Instance      Module  Cell Count  Cell Area  Net Area   Total Area 
-------------------------------------------------------------------------
sobel_edge_detector               4456  43378.200  8526.374    51904.574 

	Design Rule Check
	-----------------

Max_transition design rule: no violations.

Max_capacitance design rule: no violations.



