============================================================
  Generated by:           Genus(TM) Synthesis Solution 21.19-s055_1
  Generated on:           Nov 28 2025  02:02:17 pm
  Module:                 sobel_edge_detector
  Technology libraries:   tcbn65gplustc_ccs 200
                          physical_cells 
  Operating conditions:   NCCOM 
  Interconnect mode:      global
  Area mode:              physical library
============================================================

                                  Pin                                          Type      Fanout Load Slew Delay Arrival   
                                                                                                (fF) (ps)  (ps)   (ps)    
--------------------------------------------------------------------------------------------------------------------------
(clock clk)                                                                   launch                                  0 R 
i_valid_3x3_generator_i_fifo_1_mem_reg[2][3]/CP                                                         0    +0       0 R 
i_valid_3x3_generator_i_fifo_1_mem_reg[2][3]/QN                               EDFKCND1        1  3.2   28  +112     112 R 
i_sobel_core_csa_tree_i_convolution_add_31_26_groupi_cdnca_003_0__4319/B                                     +0     112   
i_sobel_core_csa_tree_i_convolution_add_31_26_groupi_cdnca_003_0__4319/S      CMPE42D1        1  3.2   28  +182     295 F 
i_sobel_core_csa_tree_i_convolution_add_31_26_groupi_cdnca_003_1__8428/B                                     +0     295   
i_sobel_core_csa_tree_i_convolution_add_31_26_groupi_cdnca_003_1__8428/S      CMPE42D1        1  3.5   30  +183     478 F 
i_sobel_core_csa_tree_i_convolution_add_31_26_groupi_cdnfadd3__7482/B                                        +0     478   
i_sobel_core_csa_tree_i_convolution_add_31_26_groupi_cdnfadd3__7482/CO        FA1D0           1  2.7   34   +88     566 F 
i_sobel_core_csa_tree_i_convolution_add_31_26_groupi_cdnfadd4__4733/CI                                       +0     566   
i_sobel_core_csa_tree_i_convolution_add_31_26_groupi_cdnfadd4__4733/CO        FA1D0           1  2.7   34   +66     632 F 
i_sobel_core_csa_tree_i_convolution_add_31_26_groupi_cdnfadd5__6161/CI                                       +0     632   
i_sobel_core_csa_tree_i_convolution_add_31_26_groupi_cdnfadd5__6161/CO        FA1D0           1  2.7   34   +66     698 F 
i_sobel_core_csa_tree_i_convolution_add_31_26_groupi_cdnfadd6__9315/CI                                       +0     698   
i_sobel_core_csa_tree_i_convolution_add_31_26_groupi_cdnfadd6__9315/CO        FA1D0           1  2.7   34   +66     764 F 
i_sobel_core_csa_tree_i_convolution_add_31_26_groupi_cdnfadd7__9945/CI                                       +0     764   
i_sobel_core_csa_tree_i_convolution_add_31_26_groupi_cdnfadd7__9945/CO        FA1D0           1  2.7   34   +66     830 F 
i_sobel_core_csa_tree_i_convolution_add_31_26_groupi_cdnfadd8__2883/CI                                       +0     830   
i_sobel_core_csa_tree_i_convolution_add_31_26_groupi_cdnfadd8__2883/CO        FA1D0           1  2.7   34   +66     896 F 
i_sobel_core_csa_tree_i_convolution_add_31_26_groupi_cdnfadd9__2346/CI                                       +0     896   
i_sobel_core_csa_tree_i_convolution_add_31_26_groupi_cdnfadd9__2346/CO        FA1D0           1  2.8   34   +67     963 F 
i_sobel_core_csa_tree_i_convolution_add_31_26_groupi_g231/I                                                  +0     963   
i_sobel_core_csa_tree_i_convolution_add_31_26_groupi_g231/ZN                  INVD1           8 15.5   96   +63    1026 R 
g11384__8246/A1                                                                                              +0    1026   
g11384__8246/ZN                                                               ND2D1           1  3.2   45   +37    1063 F 
g11367__6417/A1                                                                                              +0    1063   
g11367__6417/Z                                                                XOR2D1          2  4.4   36   +60    1124 R 
g11349__2802/B1                                                                                              +0    1124   
g11349__2802/ZN                                                               IND2D1          2  4.2   38   +31    1155 F 
g7192__1705/A1                                                                                               +0    1155   
g7192__1705/ZN                                                                IOA21D1         1  2.7   29   +48    1203 F 
g7144__2802/CI                                                                                               +0    1203   
g7144__2802/CO                                                                FA1D0           1  2.7   34   +65    1268 F 
g7120__5526/CI                                                                                               +0    1268   
g7120__5526/CO                                                                FA1D0           1  2.7   34   +66    1334 F 
g7116__6260/CI                                                                                               +0    1334   
g7116__6260/CO                                                                FA1D0           1  2.7   34   +66    1400 F 
g7112__2398/CI                                                                                               +0    1400   
g7112__2398/CO                                                                FA1D0           1  2.7   34   +66    1466 F 
g7108__7410/CI                                                                                               +0    1466   
g7108__7410/CO                                                                FA1D0           2  4.5   44   +75    1541 F 
g7105__2883/A1                                                                                               +0    1541   
g7105__2883/ZN                                                                AOI22D1         1  2.8   62   +46    1588 R 
g7102__9945/B1                                                                                               +0    1588   
g7102__9945/ZN                                                                IND4D1          7 13.5  179  +123    1711 F 
g7101/I                                                                                                      +0    1711   
g7101/ZN                                                                      INVD1           1  2.8   59   +43    1754 R 
g7095__5115/B                                                                                                +0    1754   
g7095__5115/ZN                                                                AOI31D1         1  2.4   41   +28    1782 F 
g7085__3680/C                                                                                                +0    1782   
g7085__3680/ZN                                                                AOI221D0        1  2.7  148  +118    1900 R 
g7082__8428/B                                                                                                +0    1900   
g7082__8428/ZN                                                                AOI211XD0       1  2.8   66   +56    1955 F 
g7078__5107/A2                                                                                               +0    1955   
g7078__5107/ZN                                                                OAI32D1         1  2.5  102   +66    2021 R 
g7074__2398/C                                                                                                +0    2021   
g7074__2398/ZN                                                                AOI221D0        1  2.4   71   +47    2068 F 
i_sobel_core_pixel_out_reg[0]/D                                          <<<  EDFKCNQD1                      +0    2068   
i_sobel_core_pixel_out_reg[0]/CP                                              setup                     0  +104    2172 R 
- - - - - - - - - - - - - - - - - - - - - - - - - - - - - - - - - - - - - - - - - - - - - - - - - - - - - - - - - - - - - 
(clock clk)                                                                   capture                              4000 R 
--------------------------------------------------------------------------------------------------------------------------
Cost Group   : 'clk' (path_group 'clk')
Timing slack :    1828ps 
Start-point  : i_valid_3x3_generator_i_fifo_1_mem_reg[2][3]/CP
End-point    : i_sobel_core_pixel_out_reg[0]/D

