*----------------------------------------------------------------------------------------
*	Innovus 21.12-s106_1 (64bit) 12/08/2021 18:19 (Linux 3.10.0-693.el7.x86_64)
*	
*
* 	Date & Time:	2025-Nov-28 15:04:46 (2025-Nov-28 09:34:46 GMT)
*
*----------------------------------------------------------------------------------------
*
*	Design: sobel_edge_detector
*
*	Liberty Libraries used: 
*	        BEST_CASE: /home/running_courses/EE671/EE671_49/PnR_Example/6.SOBEL_FILTER/physical_design/sobel_edge_detector_done.enc.dat/libs/mmmc/tcbn65gplusbc_ccs.lib
*
*	Power Domain used: 
*              Rail:        VDD      Voltage:        1.1 
*
*       Power View : BEST_CASE
*
*       User-Defined Activity : N.A.
*
*       Activity File: N.A.
*
*       Hierarchical Global Activity: N.A.
*
*       Global Activity: N.A.
*
*       Sequential Element Activity: 0.200000
*
*       Primary Input Activity: 0.200000
*
*       Default icg ratio: N.A.
*
*       Global Comb ClockGate Ratio: N.A.
*
*	Power Units = 1mW
*
*	Time Units = 1e-09 secs 
*
*       report_power -outfile physical_design/power.rpt
*
-----------------------------------------------------------------------------------------


Total Power 
-----------------------------------------------------------------------------------------
Total Internal Power:       19.09138249 	   82.4633%
Total Switching Power:       2.59977536 	   11.2295%
Total Leakage Power:         1.46020215 	    6.3072%
Total Power:                23.15136000 
-----------------------------------------------------------------------------------------


Group                           Internal   Switching     Leakage       Total  Percentage 
                                Power      Power         Power         Power  (%)        
-----------------------------------------------------------------------------------------
Sequential                         17.78      0.2469      0.8133       18.84       81.38 
Macro                                  0           0           0           0           0 
IO                                     0           0           0           0           0 
Physical-Only                          0           0      0.3353      0.3353       1.448 
Combinational                      0.819      0.7407      0.2895       1.849       7.988 
Clock (Combinational)             0.4917       1.612     0.02203       2.126       9.183 
Clock (Sequential)                     0           0           0           0           0 
-----------------------------------------------------------------------------------------
Total                              19.09         2.6        1.46       23.15         100 
-----------------------------------------------------------------------------------------


Rail                  Voltage   Internal   Switching     Leakage       Total  Percentage 
                                Power      Power         Power         Power  (%)        
-----------------------------------------------------------------------------------------
VDD                       1.1      19.09         2.6        1.46       23.15         100 


Clock                           Internal   Switching     Leakage       Total  Percentage 
                                Power      Power         Power         Power  (%)        
-----------------------------------------------------------------------------------------
clk                               0.4917       1.612     0.02203       2.126       9.183 
-----------------------------------------------------------------------------------------
Total (excluding duplicates)      0.4917       1.612     0.02203       2.126       9.183 
-----------------------------------------------------------------------------------------
Clock: clk
Clock Period: 0.004000 usec 
Clock Toggle Rate:   500.0000 Mhz 
Clock Static Probability:  0.5000



-----------------------------------------------------------------------------------------
*	Power Distribution Summary: 
*                Highest Average Power:       CTS_ccl_a_buf_00009 (CKBD16):          0.05275 
*                Highest Leakage Power: i_sobel_core_csa_tree_i_convolution_add_30_26_groupi_cdnca_004_1__5526 (CMPE42D1):        0.0006301 
*          Total Cap:      3.70568e-11 F
*          Total instances in design: 11955
*          Total instances in design with no power:     0
*          Total instances in design with no activity:     0
*          Total Fillers and Decap:  2566
-----------------------------------------------------------------------------------------

